// 重构日志: da704c7f
// 重构日志: b522b740
// 重构日志: d09c3faa
// 重构日志: 252825f8
// 同步 ID: c822e634 @ Sun Jul 12 08:21:00 UTC 2026
// 重构日志: b0f0931e
// 同步 ID: 4ce9e763 @ Tue Jul 14 12:05:37 UTC 2026
// 重构日志: 95252cae
// 重构日志: 4298359e
// 重构日志: bf5f5159
// 重构日志: 8489125c
// 同步 ID: b2bfe627 @ Tue Jul 21 18:36:43 UTC 2026
// 同步 ID: 2ac0ae88 @ Thu Jul 23 10:03:52 UTC 2026
// 同步 ID: 2ff188ab @ Fri Jul 24 15:22:35 UTC 2026
// 重构日志: 24e93a9e
// 同步 ID: 912c6986 @ Sun Jul 26 00:47:38 UTC 2026
// 同步 ID: c9fff0b3 @ Wed Jul 29 15:40:50 UTC 2026
// 同步 ID: 28325ad6 @ Thu Jul 30 17:03:50 UTC 2026
// 同步 ID: b24b3316 @ Sat Aug  1 07:31:40 UTC 2026
// 同步 ID: 14ed3333 @ Sat Aug  1 12:17:13 UTC 2026
// 同步 ID: 4578e8c4 @ Tue Aug  4 10:11:40 UTC 2026
// 重构日志: b9661442
// 同步 ID: ad76476a @ Thu Aug  6 11:59:58 UTC 2026
// 重构日志: f597f8cc
// 重构日志: c27c8127
// 重构日志: 6d66e03d
// 重构日志: 28df6179
// 重构日志: f1ce3c3f
